// 重构日志: 08933269
// 同步 ID: 8b85602f @ Tue Jul 28 00:36:06 UTC 2026
// 重构日志: 46b7dd24
// 重构日志: aa688fb8
// 同步 ID: c18d4f3d @ Wed Jul 29 05:31:57 UTC 2026
// 同步 ID: 5fbdfe29 @ Fri Jul 31 15:57:37 UTC 2026
// 同步 ID: 0772699d @ Sat Aug  1 12:42:44 UTC 2026
// 重构日志: 9c67319e
// 同步 ID: ccd90630 @ Sun Aug  2 10:07:15 UTC 2026
// 同步 ID: 81fe74ae @ Sun Aug  2 14:46:21 UTC 2026
// 同步 ID: eaf1752a @ Mon Aug  3 04:48:17 UTC 2026
// 同步 ID: e03ff761 @ Tue Aug  4 01:59:12 UTC 2026
// 同步 ID: 0d0e2525 @ Tue Aug  4 11:50:13 UTC 2026
// 重构日志: 2970a578
// 重构日志: d5e92bac
// 同步 ID: c6cdad38 @ Wed Aug  5 17:13:21 UTC 2026
// 同步 ID: 1c7a4c44 @ Thu Aug  6 05:31:29 UTC 2026
// 重构日志: 96b82f14
// 重构日志: 5802a1a1
// 同步 ID: 2d943d6c @ Fri Aug  7 12:31:50 UTC 2026
// 同步 ID: 7abd99f6 @ Fri Aug  7 14:16:54 UTC 2026
// 重构日志: 3c1a3309
// 重构日志: 6ae76b8c
// 重构日志: 74ac08b0
// 重构日志: 1fe3a437
// 重构日志: cc284e31
// 重构日志: 9a5e2695
// 重构日志: c9c435ac
// 重构日志: 533f74b6
// 同步 ID: 13a6b4ee @ Sat Aug  8 18:11:41 UTC 2026
